// Jest Snapshot v1, https://goo.gl/fbAQLP

exports[`RegistrationSection matches snapshot 1`] = `"<div><form class=\\"ui form\\"><div class=\\"required field\\"><label style=\\"float:left\\">Name</label><input name=\\"name\\" placeholder=\\"John Smith\\" value=\\"\\"/></div><div class=\\"field\\"><label style=\\"float:left\\">Role</label><input name=\\"role\\" placeholder=\\"Software Engineer\\" value=\\"\\"/></div><div class=\\"required field\\"><label style=\\"float:left\\">Email</label><input name=\\"email\\" placeholder=\\"email@example.com\\" value=\\"\\"/></div><div class=\\"required field\\"><label style=\\"float:left\\">Password</label><input type=\\"password\\" name=\\"password\\" placeholder=\\"password\\" value=\\"\\"/></div><button style=\\"float:right\\" type=\\"submit\\" class=\\"ui green button\\">Submit</button></form></div>"`;
